// Vitest Snapshot v1, https://vitest.dev/guide/snapshot.html

exports[`CalendarPage color styles > renders event with hex border color 1`] = `
<div
  animate="[object Object]"
  class="bg-white rounded-xl p-6 shadow-lg hover:shadow-xl transition-shadow border-l-4"
  initial="[object Object]"
  style="border-left-color: rgb(34, 197, 94);"
  transition="[object Object]"
>
  <div
    class="flex items-start justify-between mb-4"
  >
    <div
      class="flex-1"
    >
      <div
        class="flex items-center mb-2"
      >
        <div
          class="w-3 h-3 rounded-full mr-3"
          style="background-color: rgb(34, 197, 94);"
        />
        <span
          class="text-xs font-medium text-stone-500 uppercase tracking-wide "
        >
          funding
        </span>
      </div>
      <h3
        class="text-xl font-bold text-stone-900 mb-2 "
      >
        Test Event
      </h3>
    </div>
  </div>
  <div
    class="grid md:grid-cols-2 lg:grid-cols-4 gap-4 text-sm text-stone-600 mb-4"
  />
  <div
    class="flex items-center justify-between pt-4 border-t border-stone-200"
  >
    <div
      class="flex items-center space-x-4"
    >
      <span
        class="text-sm text-stone-500 "
      >
        Organized by
         
      </span>
    </div>
  </div>
</div>
`;
